MSBUILD : error MSB1009: Project file does not exist.
Switch: d:\Demo\Testify-1\Testify.sln
